[brand-image.co.in/index.html]
[backblue.gif]
[fade.gif]
[index.html]
[brand-image.co.in/assets/img/favicons/favicon-32x32.png]
[brand-image.co.in/assets/img/favicons/favicon-16x16.png]
[brand-image.co.in/assets/img/favicons/manifest.json]
[brand-image.co.in/assets/img/Brand Image Logo.png]
[brand-image.co.in/about.html]
[brand-image.co.in/service.html]
[brand-image.co.in/blog.html]
[brand-image.co.in/gallery.html]
[brand-image.co.in/contact.html]
[brand-image.co.in/assets/img/hero/print.png]
[brand-image.co.in/assets/img/hero/shopp.png]
[brand-image.co.in/assets/img/hero/wall.png]
[brand-image.co.in/assets/img/hero/trans.png]
[brand-image.co.in/assets/img/hero/slide21.jpg]
[brand-image.co.in/assets/img/hero/eventp.png]
[brand-image.co.in/assets/img/hero/slide25.jpg]
[brand-image.co.in/assets/img/hero/slide23.jpg]
[brand-image.co.in/assets/img/bg/sr-bg-3-1.jpg]
[brand-image.co.in/assets/img/project/print.jpg]
[brand-image.co.in/assets/img/icon/sr-icon-3-1.png]
[brand-image.co.in/printing-service-agency-advertising.html]
[brand-image.co.in/assets/img/project/acb.jpg]
[brand-image.co.in/assets/img/icon/sr-icon-3-2.png]
[brand-image.co.in/shop-branding-services.html]
[brand-image.co.in/assets/img/project/out.jpg]
[brand-image.co.in/assets/img/icon/sr-icon-3-4.png]
[brand-image.co.in/outdoor-and-hoarding-advertising-agency.html]
[brand-image.co.in/assets/img/project/pro.jpg]
[brand-image.co.in/assets/img/icon/sr-icon-3-5.png]
[brand-image.co.in/promotinal-material.html]
[brand-image.co.in/assets/img/project/event.jpg]
[brand-image.co.in/event-and-promotion-advertising-agency.html]
[brand-image.co.in/assets/img/project/tran.jpg]
[brand-image.co.in/transit-media-advertising.html]
[brand-image.co.in/assets/img/project/10.jpg]
[brand-image.co.in/digital-wall-painting-advertising.html]
[brand-image.co.in/assets/img/project/fire.png]
[brand-image.co.in/signages-effective-design.html]
[brand-image.co.in/assets/img/about/A.webp]
[brand-image.co.in/assets/img/about/B.webp]
[brand-image.co.in/assets/img/about/H.webp]
[brand-image.co.in/assets/img/bg/cta-bg-1-2.jpg]
[brand-image.co.in/assets/img/bg/process-bg-1-1.jpg]
[brand-image.co.in/assets/img/icon/process-arrow-1-1.png]
[brand-image.co.in/assets/img/icon/process-1-1.png]
[brand-image.co.in/assets/img/icon/fe-2-1.png]
[brand-image.co.in/assets/img/icon/process-1-4.png]
[brand-image.co.in/index-2.html]
[brand-image.co.in/assets/js/vendor/jquery-3.6.0.min.js]
[brand-image.co.in/assets/js/app.min.js]
[brand-image.co.in/assets/js/main.js]
[brand-image.co.in/index.html]
[img1.wsimg.com/signals/js/clients/scc-c2/scc-c2.min.js]
[brand-image.co.in/assets/img/favicons/apple-icon-57x57.html]
[brand-image.co.in/assets/img/favicons/apple-icon-60x60.html]
[brand-image.co.in/assets/img/favicons/apple-icon-72x72.html]
[brand-image.co.in/assets/img/favicons/apple-icon-76x76.html]
[brand-image.co.in/assets/img/favicons/apple-icon-114x114.html]
[brand-image.co.in/assets/img/favicons/apple-icon-120x120.html]
[brand-image.co.in/assets/img/favicons/apple-icon-144x144.html]
[brand-image.co.in/assets/img/favicons/apple-icon-152x152.html]
[brand-image.co.in/assets/img/favicons/apple-icon-180x180.html]
[brand-image.co.in/assets/img/favicons/android-icon-192x192.html]
[brand-image.co.in/assets/img/favicons/favicon-96x96.html]
[brand-image.co.in/assets/img/favicons/ms-icon-144x144.html]
[brand-image.co.in/assets/img/favicon.html]
[brand-image.co.in/assets/css/app.min.css]
[brand-image.co.in/assets/fonts/fa-brands-400.eot]
[brand-image.co.in/assets/fonts/fa-brands-400d41dd41d.eot]
[brand-image.co.in/assets/fonts/fa-brands-400.woff2]
[brand-image.co.in/assets/fonts/fa-brands-400.woff]
[brand-image.co.in/assets/fonts/fa-brands-400.ttf]
[brand-image.co.in/assets/fonts/fa-duotone-900.eot]
[brand-image.co.in/assets/fonts/fa-duotone-900d41dd41d.eot]
[brand-image.co.in/assets/fonts/fa-duotone-900.woff2]
[brand-image.co.in/assets/fonts/fa-duotone-900.woff]
[brand-image.co.in/assets/fonts/fa-duotone-900.ttf]
[brand-image.co.in/assets/fonts/fa-light-300.eot]
[brand-image.co.in/assets/fonts/fa-light-300d41dd41d.eot]
[brand-image.co.in/assets/fonts/fa-light-300.woff2]
[brand-image.co.in/assets/fonts/fa-light-300.woff]
[brand-image.co.in/assets/fonts/fa-light-300.ttf]
[brand-image.co.in/assets/fonts/fa-regular-400.eot]
[brand-image.co.in/assets/fonts/fa-regular-400d41dd41d.eot]
[brand-image.co.in/assets/fonts/fa-regular-400.woff2]
[brand-image.co.in/assets/fonts/fa-regular-400.woff]
[brand-image.co.in/assets/fonts/fa-regular-400.ttf]
[brand-image.co.in/assets/fonts/fa-solid-900.eot]
[brand-image.co.in/assets/fonts/fa-solid-900d41dd41d.eot]
[brand-image.co.in/assets/fonts/fa-solid-900.woff2]
[brand-image.co.in/assets/fonts/fa-solid-900.woff]
[brand-image.co.in/assets/fonts/fa-solid-900.ttf]
[brand-image.co.in/assets/css/fontawesome.min.css]
[brand-image.co.in/assets/css/style.css]
[brand-image.co.in/assets/img/breadcumb/breadcumb-bg.jpg]
[brand-image.co.in/assets/img/bg/about-bg-5-1.jpg]
[brand-image.co.in/assets/img/bg/ab-bg-6-1.jpg]
[brand-image.co.in/assets/img/bg/testi-bg-4-1.jpg]
[brand-image.co.in/assets/img/testimonial/auth-4-1.jpg]
[brand-image.co.in/assets/img/testimonial/sagar.jpg]
[brand-image.co.in/assets/img/testimonial/sureka.jpg]
[brand-image.co.in/about.html]
[brand-image.co.in/service.html]
[brand-image.co.in/advantages-of-flex-printing.html]
[brand-image.co.in/what-is-outdoor-advertising.html]
[brand-image.co.in/out-of-home-ooh-advertising.html]
[brand-image.co.in/hoarding-advertising-making-a-big-impact.html]
[brand-image.co.in/digital-wall-painting-interior-design.html]
[brand-image.co.in/blog.html]
[kit.fontawesome.com/1935d064dd.js]
[brand-image.co.in/gallery.html]
[brand-image.co.in/contact.html]
[brand-image.co.in/assets/img/service/2.jpg]
[brand-image.co.in/assets/img/service/printt.jpg]
[brand-image.co.in/assets/img/service/print1.jpg]
[brand-image.co.in/assets/img/service/print2.jpg]
[brand-image.co.in/assets/img/service/ppt.jpg]
[brand-image.co.in/assets/img/gallery/1..jpg]
[brand-image.co.in/printing-service-agency-advertising.html]
[brand-image.co.in/assets/img/service/inshop.jpg]
[brand-image.co.in/assets/img/service/bcc.jpg]
[brand-image.co.in/assets/img/service/count.jpg]
[brand-image.co.in/assets/img/service/back.jpg]
[brand-image.co.in/assets/img/service/shop1.jpg]
[brand-image.co.in/assets/img/service/bord.jpg]
[brand-image.co.in/shop-branding-services.html]
[brand-image.co.in/assets/img/service/out1.jpg]
[brand-image.co.in/assets/img/service/1.jpg]
[brand-image.co.in/assets/img/service/3.jpg]
[brand-image.co.in/assets/img/service/buss.jpg]
[brand-image.co.in/assets/img/service/walll222.jpg]
[brand-image.co.in/outdoor-and-hoarding-advertising-agency.html]
[brand-image.co.in/assets/img/service/pro1.jpg]
[brand-image.co.in/assets/img/service/pro.jpg]
[brand-image.co.in/assets/img/service/pro3.jpg]
[brand-image.co.in/assets/img/service/pro44.jpg]
[brand-image.co.in/assets/img/service/small.jpg]
[brand-image.co.in/assets/img/service/paper.jpg]
[brand-image.co.in/promotinal-material.html]
[brand-image.co.in/assets/img/service/event2.jpg]
[brand-image.co.in/assets/img/service/mall.jpg]
[brand-image.co.in/assets/img/service/car.jpg]
[brand-image.co.in/assets/img/service/ev.jpg]
[brand-image.co.in/assets/img/service/event1.jpg]
[brand-image.co.in/assets/img/service/carwa.jpg]
[brand-image.co.in/event-and-promotion-advertising-agency.html]
[brand-image.co.in/assets/img/service/media1.jpg]
[brand-image.co.in/assets/img/service/media.jpg]
[brand-image.co.in/assets/img/service/transfer.jpg]
[brand-image.co.in/assets/img/service/media2.jpg]
[brand-image.co.in/assets/img/service/auto.jpg]
[brand-image.co.in/assets/img/service/tri.jpg]
[brand-image.co.in/transit-media-advertising.html]
[brand-image.co.in/assets/img/service/10.jpg]
[brand-image.co.in/assets/img/service/6.jpg]
[brand-image.co.in/assets/img/service/r1.jpg]
[brand-image.co.in/assets/img/service/r2.jpg]
[brand-image.co.in/assets/img/service/wallp.jpg]
[brand-image.co.in/assets/img/service/11.jpg]
[brand-image.co.in/digital-wall-painting-advertising.html]
[brand-image.co.in/assets/img/service/s2.jpg]
[brand-image.co.in/assets/img/service/s5.jpg]
[brand-image.co.in/assets/img/service/s1.png]
[brand-image.co.in/assets/img/service/s3.jpg]
[brand-image.co.in/assets/img/service/s4.png]
[brand-image.co.in/assets/img/service/s6.jpg]
[brand-image.co.in/signages-effective-design.html]
[brand-image.co.in/index-2.html]
[brand-image.co.in/assets/fonts/fa-brands-400.svg]
[brand-image.co.in/assets/fonts/fa-duotone-900.svg]
[brand-image.co.in/assets/fonts/fa-light-300.svg]
[brand-image.co.in/assets/fonts/fa-regular-400.svg]
[brand-image.co.in/assets/fonts/fa-solid-900.svg]
[brand-image.co.in/assets/img/widget/gal-1-1.html]
[brand-image.co.in/assets/img/widget/gal-1-2.html]
[brand-image.co.in/assets/img/widget/gal-1-3.html]
[brand-image.co.in/assets/img/widget/gal-1-4.html]
[brand-image.co.in/assets/img/widget/gal-1-5.html]
[brand-image.co.in/assets/img/widget/gal-1-6.html]
[brand-image.co.in/assets/img/about/E.html]
[brand-image.co.in/assets/img/about/G.html]
[brand-image.co.in/assets/img/blog/flex printing.html]
[brand-image.co.in/advantages-of-flex-printing.html]
[brand-image.co.in/assets/img/blog/outdoor.html]
[brand-image.co.in/what-is-outdoor-advertising.html]
[brand-image.co.in/assets/img/blog/ooh advet.html]
[brand-image.co.in/out-of-home-ooh-advertising.html]
[brand-image.co.in/assets/img/blog/hoarding.html]
[brand-image.co.in/hoarding-advertising-making-a-big-impact.html]
[brand-image.co.in/assets/img/blog/digital wall paint.html]
[brand-image.co.in/digital-wall-painting-interior-design.html]
[brand-image.co.in/styles.html]
[brand-image.co.in/assets/img/gall/DQ.html]
[brand-image.co.in/assets/img/gall/AR.html]
[brand-image.co.in/assets/img/gall/AM.html]
[brand-image.co.in/assets/img/gall/DN.html]
[brand-image.co.in/assets/img/gall/DP.html]
[brand-image.co.in/assets/img/gall/BW.html]
[brand-image.co.in/assets/img/gall/W.html]
[brand-image.co.in/assets/img/gall/E.html]
[brand-image.co.in/assets/img/gall/BV.html]
[brand-image.co.in/assets/img/gall/F.html]
[brand-image.co.in/assets/img/gall/shopb.html]
[brand-image.co.in/assets/img/gall/DR.html]
[brand-image.co.in/assets/img/gall/V.html]
[brand-image.co.in/assets/img/gall/X.html]
[brand-image.co.in/assets/img/gall/prom1.html]
[brand-image.co.in/assets/img/gall/DS.html]
[brand-image.co.in/assets/img/gall/DT.html]
[brand-image.co.in/assets/img/gall/CB.html]
[brand-image.co.in/assets/img/gall/DK.html]
[brand-image.co.in/assets/img/gall/CM.html]
[brand-image.co.in/assets/img/gall/DC.html]
[brand-image.co.in/assets/img/gall/DE.html]
[brand-image.co.in/assets/img/gall/DJ.html]
[brand-image.co.in/assets/img/gall/AJ.html]
[brand-image.co.in/assets/img/gall/AL.html]
[brand-image.co.in/assets/img/gall/BA.html]
[brand-image.co.in/assets/img/gall/AA.html]
[brand-image.co.in/assets/img/gall/AB.html]
[brand-image.co.in/assets/img/gall/AC.html]
[brand-image.co.in/assets/img/gall/BU.html]
[brand-image.co.in/assets/img/gall/Y.html]
[brand-image.co.in/assets/img/gall/Z.html]
[brand-image.co.in/assets/img/gall/CN.html]
[brand-image.co.in/assets/img/gall/CO.html]
[brand-image.co.in/assets/img/gall/CP.html]
[brand-image.co.in/assets/img/gall/CF.html]
[brand-image.co.in/assets/img/gall/CG.html]
[brand-image.co.in/assets/img/gall/CH.html]
[brand-image.co.in/assets/img/gall/CI.html]
[brand-image.co.in/assets/img/gall/CJ.html]
[brand-image.co.in/assets/img/gall/CE.html]
[brand-image.co.in/assets/img/Workshop/B.html]
[brand-image.co.in/assets/img/Workshop/C.html]
[brand-image.co.in/assets/img/Workshop/D.html]
[brand-image.co.in/assets/img/Workshop/E.html]
[brand-image.co.in/assets/img/Workshop/H.html]
[brand-image.co.in/assets/img/Workshop/I.html]
[brand-image.co.in/assets/img/widget/quote-box.html]
[brand-image.co.in/assets/img/blog/flex-printing.html]
[brand-image.co.in/assets/img/blog/outdoor advertising.html]
